col0|col1|col2|col3|col4
value|value|value|value|value
value|value|value|value|value
value|value|value|value|value
value|value|value|value|value
value|value|value|value|value
value|value|value|value|value
value|value|value|value|value
value|value|value|value|value
value|value|value|value|value
value|value|value|value|value
value|value|value|value|value
value|value|value|value|value
value|value|value|value|value
value|value|value|value|value
value|value|value|value|value
value|value|value|value|value
value|value|value|value|value
value|value|value|value|value
value|value|value|value|value
value|value|value|value|value
